2026-01-11 18:26:17,080 - app.core.utils.rate_limit - ERROR - Error checking rate limit for key ratelimit:127.0.0.1:/api/v1/tasks/task:1768137960: '>' not supported between instances of 'AsyncMock' and 'int'
Traceback (most recent call last):
  File "/Users/olimbeknizomov/Documents/projects/FastAPI-Fullstack-Boilerplate/backend/app/core/utils/rate_limit.py", line 54, in is_rate_limited
    if current_count > limit:
       ^^^^^^^^^^^^^^^^^^^^^
TypeError: '>' not supported between instances of 'AsyncMock' and 'int'
2026-01-11 18:26:19,509 - app.core.health - ERROR - Database health check failed with error: DB Error
Traceback (most recent call last):
  File "/Users/olimbeknizomov/Documents/projects/FastAPI-Fullstack-Boilerplate/backend/app/core/health.py", line 12, in check_database_health
    await db.execute(text("SELECT 1"))
  File "/Library/Frameworks/Python.framework/Versions/3.13/lib/python3.13/unittest/mock.py", line 2321, in _execute_mock_call
    raise effect
Exception: DB Error
2026-01-11 18:26:19,518 - app.core.health - ERROR - Redis health check failed with error: Redis Error
Traceback (most recent call last):
  File "/Users/olimbeknizomov/Documents/projects/FastAPI-Fullstack-Boilerplate/backend/app/core/health.py", line 21, in check_redis_health
    await redis.ping()
  File "/Library/Frameworks/Python.framework/Versions/3.13/lib/python3.13/unittest/mock.py", line 2321, in _execute_mock_call
    raise effect
Exception: Redis Error
